Copyright 1986-2017 Xilinx, Inc. All Rights Reserved.
--------------------------------------------------------------------------------------------------------------------------------------------------------
| Tool Version : Vivado v.2017.4 (win64) Build 2086221 Fri Dec 15 20:55:39 MST 2017
| Date         : Wed Nov  8 14:25:01 2023
| Host         : LAPTOP-N4GO34NJ running 64-bit major release  (build 9200)
| Command      : report_methodology -file hexseg_methodology_drc_routed.rpt -pb hexseg_methodology_drc_routed.pb -rpx hexseg_methodology_drc_routed.rpx
| Design       : hexseg
| Device       : xc7a100tfgg484-1
| Speed File   : -1
| Design State : Routed
--------------------------------------------------------------------------------------------------------------------------------------------------------

Report Methodology

Table of Contents
-----------------
1. REPORT SUMMARY
2. REPORT DETAILS

1. REPORT SUMMARY
-----------------
            Netlist: netlist
          Floorplan: design_1
      Design limits: <entire design considered>
             Max violations: <unlimited>
             Violations found: 7
+-----------+----------+-------------------+------------+
| Rule      | Severity | Description       | Violations |
+-----------+----------+-------------------+------------+
| TIMING-20 | Warning  | Non-clocked latch | 7          |
+-----------+----------+-------------------+------------+

2. REPORT DETAILS
-----------------
TIMING-20#1 Warning
Non-clocked latch  
The latch Y0_reg cannot be properly analyzed as its control pin Y0_reg/G is not reached by a timing clock
Related violations: <none>

TIMING-20#2 Warning
Non-clocked latch  
The latch Y1_reg cannot be properly analyzed as its control pin Y1_reg/G is not reached by a timing clock
Related violations: <none>

TIMING-20#3 Warning
Non-clocked latch  
The latch Y2_reg cannot be properly analyzed as its control pin Y2_reg/G is not reached by a timing clock
Related violations: <none>

TIMING-20#4 Warning
Non-clocked latch  
The latch Y3_reg cannot be properly analyzed as its control pin Y3_reg/G is not reached by a timing clock
Related violations: <none>

TIMING-20#5 Warning
Non-clocked latch  
The latch Y4_reg cannot be properly analyzed as its control pin Y4_reg/G is not reached by a timing clock
Related violations: <none>

TIMING-20#6 Warning
Non-clocked latch  
The latch Y5_reg cannot be properly analyzed as its control pin Y5_reg/G is not reached by a timing clock
Related violations: <none>

TIMING-20#7 Warning
Non-clocked latch  
The latch Y6_reg cannot be properly analyzed as its control pin Y6_reg/G is not reached by a timing clock
Related violations: <none>


