#-----------------------------------------------------------
# Vivado v2017.4 (64-bit)
# SW Build 2086221 on Fri Dec 15 20:55:39 MST 2017
# IP Build 2085800 on Fri Dec 15 22:25:07 MST 2017
# Start of session at: Wed Oct 18 16:21:27 2023
# Process ID: 19312
# Current directory: C:/Users/BaSO4/Desktop/study/2023-2024/Vivado/basic-logic-gates
# Command line: vivado.exe -gui_launcher_event rodinguilauncherevent29596 C:\Users\BaSO4\Desktop\study\2023-2024\Vivado\basic-logic-gates\basic-logic-gates.xpr
# Log file: C:/Users/BaSO4/Desktop/study/2023-2024/Vivado/basic-logic-gates/vivado.log
# Journal file: C:/Users/BaSO4/Desktop/study/2023-2024/Vivado/basic-logic-gates\vivado.jou
#-----------------------------------------------------------
start_gui
open_project C:/Users/BaSO4/Desktop/study/2023-2024/Vivado/basic-logic-gates/basic-logic-gates.xpruupdate_compile_order -fileset sources_1
reset_run synth_1
launch_runs synth_1 -jobs 16
wait_on_run synth_1
launch_runs impl_1 -jobs 16
wait_on_run impl_1
synth_design -rtl -name rtl_1
