#-----------------------------------------------------------
# Vivado v2017.4 (64-bit)
# SW Build 2086221 on Fri Dec 15 20:55:39 MST 2017
# IP Build 2085800 on Fri Dec 15 22:25:07 MST 2017
# Start of session at: Wed Oct 25 20:23:42 2023
# Process ID: 44304
# Current directory: C:/Users/BaSO4/Desktop/study/2023-2024/Vivado/Data_selector8
# Command line: vivado.exe -gui_launcher_event rodinguilauncherevent62864 C:\Users\BaSO4\Desktop\study\2023-2024\Vivado\Data_selector8\Data_selector8.xpr
# Log file: C:/Users/BaSO4/Desktop/study/2023-2024/Vivado/Data_selector8/vivado.log
# Journal file: C:/Users/BaSO4/Desktop/study/2023-2024/Vivado/Data_selector8\vivado.jou
#-----------------------------------------------------------
start_gui
open_project C:/Users/BaSO4/Desktop/study/2023-2024/Vivado/Data_selector8/Data_selector8.xpr
update_compile_order -fileset sources_1
file mkdir C:/Users/BaSO4/Desktop/study/2023-2024/Vivado/Data_selector8/Data_selector8.srcs/sim_1/new
set_property SOURCE_SET sources_1 [get_filesets sim_1]
close [ open C:/Users/BaSO4/Desktop/study/2023-2024/Vivado/Data_selector8/Data_selector8.srcs/sim_1/new/Dataselector8_sim.v w ]
add_files -fileset sim_1 C:/Users/BaSO4/Desktop/study/2023-2024/Vivado/Data_selector8/Data_selector8.srcs/sim_1/new/Dataselector8_sim.v
update_compile_order -fileset sim_1
launch_simulation
source Data_selector8.tcl
close_sim
launch_simulation
source Data_selector8.tcl
update_compile_order -fileset sim_1
launch_simulation
launch_simulation
source Dataselector8_sim.tcl
close_sim
launch_simulation
source Dataselector8_sim.tcl
close_sim
launch_simulation
source Dataselector8_sim.tcl
close_sim
launch_simulation
source Dataselector8_sim.tcl
close_sim
launch_simulation
source Dataselector8_sim.tcl
close_sim
launch_simulation
source Dataselector8_sim.tcl
close_sim
launch_simulation
source Dataselector8_sim.tcl
close_sim
launch_simulation
source Dataselector8_sim.tcl
reset_run synth_1
launch_runs impl_1 -jobs 16
wait_on_run impl_1
ipx::package_project -root_dir c:/users/baso4/desktop/study/2023-2024/vivado/data_selector8/data_selector8.srcs -vendor xilinx.com -library user -taxonomy /UserIP
set_property supported_families {qvirtex7 Production kintex7l Production qkintex7l Production artix7l Production qartix7 Production qzynq Production spartan7 Production virtexu Production kintexuplus Production kintexu Production virtex7 Production qvirtex7 Production kintex7 Production kintex7l Production qkintex7 Production qkintex7l Production artix7 Production artix7l Production aartix7 Production qartix7 Production zynq Production qzynq Production azynq Production spartan7 Production aspartan7 Production virtexu Production virtexuplus Production kintexuplus Production zynquplus Production kintexu Production virtex7 Beta qvirtex7 Beta kintex7 Beta kintex7l Beta qkintex7 Beta qkintex7l Beta artix7 Beta artix7l Beta aartix7 Beta qartix7 Beta zynq Beta qzynq Beta azynq Beta spartan7 Beta aspartan7 Beta virtexu Beta virtexuplus Beta kintexuplus Beta zynquplus Beta kintexu Beta} [ipx::current_core]
set_property core_revision 2 [ipx::current_core]
ipx::create_xgui_files [ipx::current_core]
ipx::update_checksums [ipx::current_core]
ipx::save_core [ipx::current_core]
update_ip_catalog -rebuild -repo_path c:/Users/BaSO4/Desktop/study/2023-2024/Vivado/Data_selector8
ipx::check_integrity -quiet [ipx::current_core]
ipx::archive_core {c:\users\baso4\desktop\study\2023-2024\vivado\data_selector8\data_selector8.srcs\xilinx.com_user_Data_selector8_1.0.zip} [ipx::current_core]
ipx::unload_core component_1
ipx::package_project -root_dir C:/Users/BaSO4/Desktop/study/2023-2024/Vivado/Data_selector8 -vendor xilinx.com -library user -taxonomy /UserIP -import_files -set_current false -force
ipx::unload_core c:/Users/BaSO4/Desktop/study/2023-2024/Vivado/Data_selector8/component.xml
ipx::edit_ip_in_project -upgrade true -name tmp_edit_project -directory C:/Users/BaSO4/Desktop/study/2023-2024/Vivado/Data_selector8 c:/Users/BaSO4/Desktop/study/2023-2024/Vivado/Data_selector8/component.xml
update_compile_order -fileset sources_1
set_property supported_families {qvirtex7 Production kintex7l Production qkintex7l Production artix7l Production qartix7 Production qzynq Production spartan7 Production virtexu Production kintexuplus Production kintexu Production virtex7 Production qvirtex7 Production kintex7 Production kintex7l Production qkintex7 Production qkintex7l Production artix7 Production artix7l Production aartix7 Production qartix7 Production zynq Production qzynq Production azynq Production spartan7 Production aspartan7 Production virtexu Production virtexuplus Production kintexuplus Production zynquplus Production kintexu Production virtex7 Beta qvirtex7 Beta kintex7 Beta kintex7l Beta qkintex7 Beta qkintex7l Beta artix7 Beta artix7l Beta aartix7 Beta qartix7 Beta zynq Beta qzynq Beta azynq Beta spartan7 Beta aspartan7 Beta virtexu Beta virtexuplus Beta kintexuplus Beta zynquplus Beta kintexu Beta} [ipx::current_core]
set_property core_revision 2 [ipx::current_core]
ipx::create_xgui_files [ipx::current_core]
ipx::update_checksums [ipx::current_core]
ipx::save_core [ipx::current_core]
ipx::check_integrity -quiet [ipx::current_core]
ipx::archive_core {c:\Users\BaSO4\Desktop\study\2023-2024\Vivado\Data_selector8\xilinx.com_user_Data_selector8_1.0.zip} [ipx::current_core]
close_project
update_ip_catalog -rebuild -repo_path c:/Users/BaSO4/Desktop/study/2023-2024/Vivado/Data_selector8
close_sim
close_sim
