#-----------------------------------------------------------
# Vivado v2017.4 (64-bit)
# SW Build 2086221 on Fri Dec 15 20:55:39 MST 2017
# IP Build 2085800 on Fri Dec 15 22:25:07 MST 2017
# Start of session at: Wed Nov 15 16:52:42 2023
# Process ID: 140844
# Current directory: C:/Users/BaSO4/Desktop/study/2023-2024/project/project/reg/reg8
# Command line: vivado.exe -gui_launcher_event rodinguilauncherevent53444 C:\Users\BaSO4\Desktop\study\2023-2024\project\project\reg\reg8\reg8.xpr
# Log file: C:/Users/BaSO4/Desktop/study/2023-2024/project/project/reg/reg8/vivado.log
# Journal file: C:/Users/BaSO4/Desktop/study/2023-2024/project/project/reg/reg8\vivado.jou
#-----------------------------------------------------------
start_gui
open_project C:/Users/BaSO4/Desktop/study/2023-2024/project/project/reg/reg8/reg8.xpr
update_compile_order -fileset sources_1
open_bd_design {C:/Users/BaSO4/Desktop/study/2023-2024/project/project/reg/reg8/reg8.srcs/sources_1/bd/design_1/design_1.bd}
open_bd_design {C:/Users/BaSO4/Desktop/study/2023-2024/project/project/reg/reg8/reg8.srcs/sources_1/bd/design_1/design_1.bd}
startgroup
create_bd_cell -type ip -vlnv xilinx.com:user:dffe:1.0 dffe_8
endgroup
set_property location {0.5 -592 78} [get_bd_cells dffe_8]
undo
undo
